     1                   ;; Test nested labels
     2                   
     3 0004 =            foo	equ	4
     4 0005 =            .bar	equ	5
     5 0006 =            .baz	equ 	.bar+1
     6                   	assert	foo==4
     7                   	assert	.bar==5
     8                   	assert	.baz==6
     9                   
    10                   bar
    11 000A =            .baz	equ	10
    12 0014 =            .qux	equ	.baz+10
    13                   	assert	.baz==10
    14                   	assert	.qux==20
    15                   
    16                   	assert	foo.baz != bar.baz
    17                   
    18                   	org	100
    19                   
    20 0064: 04 05 06    lab	db	foo,foo.bar,foo.baz	; 4 5 6
    21 0067: 0A 14       .nlab	db	bar.baz,bar.qux		; 10 20
    22                   
    23                   	assert	lab==100
    24                   	assert	lab.nlab==103


************************************************************
                        Symbol table                        
************************************************************


Name                    = Value
-----------------------   ----------------------------------
foo                     = 0004h
foo.bar                 = 0005h
foo.baz                 = 0006h
bar                     = 0000h
bar.baz                 = 000Ah
bar.qux                 = 0014h
lab                     = 0064h
lab.nlab                = 0067h
